09000000-09000fff : pl011@9000000
  09000000-09000fff : 9000000.pl011 pl011@9000000
09010000-09010fff : pl031@9010000
09030000-09030fff : pl061@9030000
0a003e00-0a003fff : a003e00.virtio_mmio virtio_mmio@a003e00
10000000-3efeffff : pcie@10000000
  10000000-1003ffff : 0000:00:01.0
  10040000-10040fff : 0000:00:01.0
  10041000-10041fff : 0000:00:02.0
40000000-7fffffff : System RAM
  40210000-4146ffff : Kernel code
  41470000-4158ffff : reserved
  41590000-418bffff : Kernel data
  48000000-480fffff : reserved
  7e400000-7fbfffff : reserved
  7fc41000-7fdc1fff : reserved
  7fdc2000-7fde2fff : reserved
  7fde5000-7fde5fff : reserved
  7fde6000-7fde6fff : reserved
  7fde7000-7fdf7fff : reserved
  7fdf8000-7fe01fff : reserved
  7fe02000-7fffffff : reserved
4010000000-401fffffff : PCI ECAM
8000000000-ffffffffff : pcie@10000000
  8000000000-8000003fff : 0000:00:01.0
    8000000000-8000003fff : virtio-pci-modern
  8000004000-8000007fff : 0000:00:02.0
    8000004000-8000007fff : virtio-pci-modern
